===========================================
   cups-filters 1.27.5: ./test-suite.log
===========================================

# TOTAL: 7
# PASS:  7
# SKIP:  0
# XFAIL: 0
# FAIL:  0
# XPASS: 0
# ERROR: 0

.. contents:: :depth: 2

